    Checking sky_engine v0.1.0 (C:\Coding\SkyEngine)
    Finished `dev` profile [unoptimized + debuginfo] target(s) in 1.37s
