warning: field `label` is never read
   --> src\render\material.rs:193:5
    |
191 | pub struct MaterialResourceBindings {
    |            ------------------------ field in this struct
192 |     bind_group_layout: wgpu::BindGroupLayout,
193 |     label: Cow<'static, str>,
    |     ^^^^^
    |
    = note: `#[warn(dead_code)]` (part of `#[warn(unused)]`) on by default

warning: fields `desc` and `pipelines` are never read
   --> src\render\material.rs:259:5
    |
257 | pub struct MaterialPipelineCache {
    |            --------------------- fields in this struct
258 |     _shader: wgpu::ShaderModule,
259 |     desc: MaterialPipelineDesc,
    |     ^^^^
260 |     pipelines: FxHashMap<wgpu::TextureFormat, Arc<wgpu::RenderPipeline>>,
    |     ^^^^^^^^^

warning: `sky_engine` (lib) generated 2 warnings
    Checking sky_engine v0.1.0 (C:\Coding\SkyEngine)
    Finished `dev` profile [unoptimized + debuginfo] target(s) in 0.49s
